// Jest Snapshot v1, https://goo.gl/fbAQLP

exports[`Welcome it shoud render correctly 1`] = `"<div id=\\"root\\"><div><div id=\\"paperH1\\"></div><h1>The prank Society</h1><section class=\\"createPrankster\\"><input type=\\"text\\" placeholder=\\"Name your prankster\\" id=\\"name\\" class=\\"inputs\\" autocomplete=\\"off\\"><canvas width=\\"102\\" height=\\"102\\"></canvas><div class=\\"colorButtons\\"><button id=\\"blue\\"></button><button id=\\"pink\\"></button><button id=\\"orange\\"></button><button id=\\"yellow\\"></button><button id=\\"green\\"></button><button id=\\"purple\\"></button></div><input type=\\"text\\" placeholder=\\"Email\\" id=\\"email\\" class=\\"inputs\\" autocomplete=\\"off\\"><input type=\\"text\\" placeholder=\\"Society's Passcode\\" id=\\"password\\" class=\\"inputs\\" autocomplete=\\"off\\"><p id=\\"alert\\"></p><button id=\\"buttonEnter\\" class=\\"buttons\\">Get In Looser :p</button></section><div id=\\"footerPaper\\"></div><button class=\\"footer\\">Have a prankster already?</button></div></div><div id=\\"Player\\"></div><div id=\\"gameArea\\"></div><div id=\\"roomVertical\\"></div><div id=\\"roomHorizontal\\"></div>"`;
